../Core/Src/main.c:82:5:main	24	static
../Core/Src/main.c:154:6:SystemClock_Config	88	static
../Core/Src/main.c:203:13:MX_ADC1_Init	40	static
../Core/Src/main.c:275:13:MX_RTC_Init	16	static
../Core/Src/main.c:333:13:MX_SPI1_Init	8	static
../Core/Src/main.c:371:13:MX_TIM1_Init	32	static
../Core/Src/main.c:433:13:MX_GPIO_Init	40	static
../Core/Src/main.c:469:6:HAL_RTCEx_RTCEventCallback	16	static
../Core/Src/main.c:473:6:HAL_TIM_PeriodElapsedCallback	16	static
../Core/Src/main.c:486:6:HAL_ADCEx_InjectedConvCpltCallback	16	static
../Core/Src/main.c:499:6:Error_Handler	4	static,ignoring_inline_asm
