../Core/Src/main.c:89:5:main	24	static
../Core/Src/main.c:192:6:SystemClock_Config	88	static
../Core/Src/main.c:241:13:MX_ADC1_Init	40	static
../Core/Src/main.c:314:13:MX_RTC_Init	16	static
../Core/Src/main.c:372:13:MX_SPI1_Init	8	static
../Core/Src/main.c:410:13:MX_TIM1_Init	32	static
../Core/Src/main.c:472:13:MX_GPIO_Init	40	static
../Core/Src/main.c:508:6:HAL_RTCEx_RTCEventCallback	16	static
../Core/Src/main.c:512:6:HAL_TIM_PeriodElapsedCallback	16	static
../Core/Src/main.c:527:6:HAL_ADC_ConvCpltCallback	16	static
../Core/Src/main.c:542:6:Error_Handler	4	static,ignoring_inline_asm
