../Core/Src/st7735.c:88:13:ST7735_Select	0	static
../Core/Src/st7735.c:102:13:ST7735_WriteCommand	16	static
../Core/Src/st7735.c:107:13:ST7735_WriteData	16	static
../Core/Src/st7735.c:112:13:ST7735_ExecuteCommandList	24	static
../Core/Src/st7735.c:138:13:ST7735_SetAddressWindow	32	static
../Core/Src/st7735.c:92:6:ST7735_Unselect	0	static
../Core/Src/st7735.c:240:6:ST7735_FillRectangle.part.0	32	static
../Core/Src/st7735.c:260:6:ST7735_FillRectangleFast.part.0	32	static
../Core/Src/st7735.c:154:6:ST7735_Init	8	static
../Core/Src/st7735.c:163:6:ST7735_DrawPixel	24	static
../Core/Src/st7735.c:214:6:ST7735_WriteString	64	static
../Core/Src/st7735.c:240:6:ST7735_FillRectangle	8	static
../Core/Src/st7735.c:260:6:ST7735_FillRectangleFast	8	static
../Core/Src/st7735.c:283:6:ST7735_FillScreen	16	static
../Core/Src/st7735.c:287:6:ST7735_FillScreenFast	16	static
../Core/Src/st7735.c:291:6:ST7735_DrawImage	24	static
../Core/Src/st7735.c:302:6:ST7735_InvertColors	8	static
../Core/Src/st7735.c:308:6:ST7735_SetGamma	16	static
